Archive member included to satisfy reference by file (symbol)

/home/webstas/.local/share/pebble-sdk/SDKs/current/sdk-core/pebble/aplite/lib/libpebble.a(tmp7jpKUopebble.o)
                              src/c/main.c.41.o (accel_tap_service_subscribe)
/home/webstas/.local/share/pebble-sdk/SDKs/4.33.1/toolchain/arm-none-eabi/bin/../lib/gcc/arm-none-eabi/14.2.1/../../../../arm-none-eabi/lib/thumb/v7-m/nofp/libc.a(libc_a-atexit.o)
                              /home/webstas/.local/share/pebble-sdk/SDKs/4.33.1/toolchain/arm-none-eabi/bin/../lib/gcc/arm-none-eabi/14.2.1/../../../../arm-none-eabi/lib/thumb/v7-m/nofp/crt0.o (atexit)
/home/webstas/.local/share/pebble-sdk/SDKs/4.33.1/toolchain/arm-none-eabi/bin/../lib/gcc/arm-none-eabi/14.2.1/../../../../arm-none-eabi/lib/thumb/v7-m/nofp/libc.a(libc_a-exit.o)
                              /home/webstas/.local/share/pebble-sdk/SDKs/4.33.1/toolchain/arm-none-eabi/bin/../lib/gcc/arm-none-eabi/14.2.1/../../../../arm-none-eabi/lib/thumb/v7-m/nofp/crt0.o (exit)
/home/webstas/.local/share/pebble-sdk/SDKs/4.33.1/toolchain/arm-none-eabi/bin/../lib/gcc/arm-none-eabi/14.2.1/../../../../arm-none-eabi/lib/thumb/v7-m/nofp/libc.a(libc_a-findfp.o)
                              /home/webstas/.local/share/pebble-sdk/SDKs/4.33.1/toolchain/arm-none-eabi/bin/../lib/gcc/arm-none-eabi/14.2.1/../../../../arm-none-eabi/lib/thumb/v7-m/nofp/libc.a(libc_a-exit.o) (__stdio_exit_handler)
/home/webstas/.local/share/pebble-sdk/SDKs/4.33.1/toolchain/arm-none-eabi/bin/../lib/gcc/arm-none-eabi/14.2.1/../../../../arm-none-eabi/lib/thumb/v7-m/nofp/libc.a(libc_a-fwalk.o)
                              /home/webstas/.local/share/pebble-sdk/SDKs/4.33.1/toolchain/arm-none-eabi/bin/../lib/gcc/arm-none-eabi/14.2.1/../../../../arm-none-eabi/lib/thumb/v7-m/nofp/libc.a(libc_a-findfp.o) (_fwalk_sglue)
/home/webstas/.local/share/pebble-sdk/SDKs/4.33.1/toolchain/arm-none-eabi/bin/../lib/gcc/arm-none-eabi/14.2.1/../../../../arm-none-eabi/lib/thumb/v7-m/nofp/libc.a(libc_a-stdio.o)
                              /home/webstas/.local/share/pebble-sdk/SDKs/4.33.1/toolchain/arm-none-eabi/bin/../lib/gcc/arm-none-eabi/14.2.1/../../../../arm-none-eabi/lib/thumb/v7-m/nofp/libc.a(libc_a-findfp.o) (__sread)
/home/webstas/.local/share/pebble-sdk/SDKs/4.33.1/toolchain/arm-none-eabi/bin/../lib/gcc/arm-none-eabi/14.2.1/../../../../arm-none-eabi/lib/thumb/v7-m/nofp/libc.a(libc_a-strstr.o)
                              src/c/main.c.41.o (strstr)
/home/webstas/.local/share/pebble-sdk/SDKs/4.33.1/toolchain/arm-none-eabi/bin/../lib/gcc/arm-none-eabi/14.2.1/../../../../arm-none-eabi/lib/thumb/v7-m/nofp/libc.a(libc_a-closer.o)
                              /home/webstas/.local/share/pebble-sdk/SDKs/4.33.1/toolchain/arm-none-eabi/bin/../lib/gcc/arm-none-eabi/14.2.1/../../../../arm-none-eabi/lib/thumb/v7-m/nofp/libc.a(libc_a-stdio.o) (_close_r)
/home/webstas/.local/share/pebble-sdk/SDKs/4.33.1/toolchain/arm-none-eabi/bin/../lib/gcc/arm-none-eabi/14.2.1/../../../../arm-none-eabi/lib/thumb/v7-m/nofp/libc.a(libc_a-reent.o)
                              /home/webstas/.local/share/pebble-sdk/SDKs/4.33.1/toolchain/arm-none-eabi/bin/../lib/gcc/arm-none-eabi/14.2.1/../../../../arm-none-eabi/lib/thumb/v7-m/nofp/libc.a(libc_a-closer.o) (errno)
/home/webstas/.local/share/pebble-sdk/SDKs/4.33.1/toolchain/arm-none-eabi/bin/../lib/gcc/arm-none-eabi/14.2.1/../../../../arm-none-eabi/lib/thumb/v7-m/nofp/libc.a(libc_a-impure.o)
                              /home/webstas/.local/share/pebble-sdk/SDKs/4.33.1/toolchain/arm-none-eabi/bin/../lib/gcc/arm-none-eabi/14.2.1/../../../../arm-none-eabi/lib/thumb/v7-m/nofp/libc.a(libc_a-reent.o) (_impure_ptr)
/home/webstas/.local/share/pebble-sdk/SDKs/4.33.1/toolchain/arm-none-eabi/bin/../lib/gcc/arm-none-eabi/14.2.1/../../../../arm-none-eabi/lib/thumb/v7-m/nofp/libc.a(libc_a-lseekr.o)
                              /home/webstas/.local/share/pebble-sdk/SDKs/4.33.1/toolchain/arm-none-eabi/bin/../lib/gcc/arm-none-eabi/14.2.1/../../../../arm-none-eabi/lib/thumb/v7-m/nofp/libc.a(libc_a-stdio.o) (_lseek_r)
/home/webstas/.local/share/pebble-sdk/SDKs/4.33.1/toolchain/arm-none-eabi/bin/../lib/gcc/arm-none-eabi/14.2.1/../../../../arm-none-eabi/lib/thumb/v7-m/nofp/libc.a(libc_a-readr.o)
                              /home/webstas/.local/share/pebble-sdk/SDKs/4.33.1/toolchain/arm-none-eabi/bin/../lib/gcc/arm-none-eabi/14.2.1/../../../../arm-none-eabi/lib/thumb/v7-m/nofp/libc.a(libc_a-stdio.o) (_read_r)
/home/webstas/.local/share/pebble-sdk/SDKs/4.33.1/toolchain/arm-none-eabi/bin/../lib/gcc/arm-none-eabi/14.2.1/../../../../arm-none-eabi/lib/thumb/v7-m/nofp/libc.a(libc_a-writer.o)
                              /home/webstas/.local/share/pebble-sdk/SDKs/4.33.1/toolchain/arm-none-eabi/bin/../lib/gcc/arm-none-eabi/14.2.1/../../../../arm-none-eabi/lib/thumb/v7-m/nofp/libc.a(libc_a-stdio.o) (_write_r)
[...]
Memory Configuration

Name             Origin             Length             Attributes
APP              0x00000000         0x00006000         xrw
*default*        0x00000000         0xffffffff

Linker script and memory map

LOAD /home/webstas/.local/share/pebble-sdk/SDKs/4.33.1/toolchain/arm-none-eabi/bin/../lib/gcc/arm-none-eabi/14.2.1/thumb/v7-m/nofp/crti.o
LOAD /home/webstas/.local/share/pebble-sdk/SDKs/4.33.1/toolchain/arm-none-eabi/bin/../lib/gcc/arm-none-eabi/14.2.1/thumb/v7-m/nofp/crtbegin.o
LOAD /home/webstas/.local/share/pebble-sdk/SDKs/4.33.1/toolchain/arm-none-eabi/bin/../lib/gcc/arm-none-eabi/14.2.1/../../../../arm-none-eabi/lib/thumb/v7-m/nofp/crt0.o
LOAD src/c/main.c.41.o
LOAD aplite/appinfo.auto.c.41.o
LOAD aplite/src/resource_ids.auto.c.41.o
LOAD src/message_keys.auto.c.41.o
LOAD /home/webstas/.local/share/pebble-sdk/SDKs/current/sdk-core/pebble/aplite/lib/libpebble.a
START GROUP
LOAD /home/webstas/.local/share/pebble-sdk/SDKs/4.33.1/toolchain/arm-none-eabi/bin/../lib/gcc/arm-none-eabi/14.2.1/thumb/v7-m/nofp/libgcc.a
LOAD /home/webstas/.local/share/pebble-sdk/SDKs/4.33.1/toolchain/arm-none-eabi/bin/../lib/gcc/arm-none-eabi/14.2.1/../../../../arm-none-eabi/lib/thumb/v7-m/nofp/libc.a
END GROUP
LOAD /home/webstas/.local/share/pebble-sdk/SDKs/4.33.1/toolchain/arm-none-eabi/bin/../lib/gcc/arm-none-eabi/14.2.1/thumb/v7-m/nofp/crtend.o
LOAD /home/webstas/.local/share/pebble-sdk/SDKs/4.33.1/toolchain/arm-none-eabi/bin/../lib/gcc/arm-none-eabi/14.2.1/thumb/v7-m/nofp/crtn.o

.header         0x00000000       0x82
 *(.pbl_header)
 .pbl_header    0x00000000       0x82 aplite/appinfo.auto.c.41.o
                0x00000000                __pbl_app_info

.note.gnu.build-id
                0x00000082       0x26
                [!provide]                        PROVIDE (BUILD_ID = .)
 *(.note.gnu.build-id)
 *fill*         0x00000082        0x2 
 .note.gnu.build-id
                0x00000084       0x24 linker stubs

.text           0x000000a8     0x2875
 *(.text)
 .text          0x000000a8       0x14 /home/webstas/.local/share/pebble-sdk/SDKs/current/sdk-core/pebble/aplite/lib/libpebble.a(tmp7jpKUopebble.o)
 *(.text.*)
 .text.is_tracking
                0x000000bc       0x20 src/c/main.c.41.o
 .text.parse_week_csv
                0x000000dc       0x5c src/c/main.c.41.o
 .text.track_now_elapsed_s
                0x00000138       0x28 src/c/main.c.41.o
 .text.anim_tick
                0x00000160      0x2d0 src/c/main.c.41.o
 .text.window_unload
                0x00000430       0x74 src/c/main.c.41.o
 .text.time_update_proc
                0x000004a4      0x240 src/c/main.c.41.o
 .text.lower_update_proc
                0x000006e4       0x98 src/c/main.c.41.o
 .text.top_update_proc
                0x0000077c      0x1b0 src/c/main.c.41.o
 .text.ring_update_proc
                0x0000092c      0x3bc src/c/main.c.41.o
 .text.kick_anim
                0x00000ce8       0x20 src/c/main.c.41.o
 .text.bt_handler
                0x00000d08       0x40 src/c/main.c.41.o
 .text.fmt_hm.constprop.0
                0x00000d48       0x54 src/c/main.c.41.o
 .text.render_status
                0x00000d9c      0x54c src/c/main.c.41.o
 .text.inbox_received
                0x000012e8      0x358 src/c/main.c.41.o
 .text.tap_handler
                0x00001640       0x4c src/c/main.c.41.o
 .text.tick_handler
                0x0000168c      0x120 src/c/main.c.41.o
 .text.window_load
                0x000017ac      0x270 src/c/main.c.41.o
 .text.status_update_proc
                0x00001a1c      0x1b0 src/c/main.c.41.o
 .text.startup.main
                0x00001bcc      0x2d0 src/c/main.c.41.o
                0x00001bcc                main
 .text.accel_tap_service_subscribe
                0x00001e9c        0xc /home/webstas/.local/share/pebble-sdk/SDKs/current/sdk-core/pebble/aplite/lib/libpebble.a(tmp7jpKUopebble.o)
                0x00001e9c                accel_tap_service_subscribe
 .text.accel_tap_service_unsubscribe
                0x00001ea8        0xc /home/webstas/.local/share/pebble-sdk/SDKs/current/sdk-core/pebble/aplite/lib/libpebble.a(tmp7jpKUopebble.o)
                0x00001ea8                accel_tap_service_unsubscribe
 .text.app_event_loop
                0x00001eb4        0xc /home/webstas/.local/share/pebble-sdk/SDKs/current/sdk-core/pebble/aplite/lib/libpebble.a(tmp7jpKUopebble.o)
                0x00001eb4                app_event_loop
 .text.app_message_open
                0x00001ec0        0xc /home/webstas/.local/share/pebble-sdk/SDKs/current/sdk-core/pebble/aplite/lib/libpebble.a(tmp7jpKUopebble.o)
                0x00001ec0                app_message_open
 .text.app_timer_cancel
                0x00001ecc        0xc /home/webstas/.local/share/pebble-sdk/SDKs/current/sdk-core/pebble/aplite/lib/libpebble.a(tmp7jpKUopebble.o)
                0x00001ecc                app_timer_cancel
 .text.app_timer_register
                0x00001ed8        0xc /home/webstas/.local/share/pebble-sdk/SDKs/current/sdk-core/pebble/aplite/lib/libpebble.a(tmp7jpKUopebble.o)
                0x00001ed8                app_timer_register
 .text.battery_state_service_peek
                0x00001ee4        0xc /home/webstas/.local/share/pebble-sdk/SDKs/current/sdk-core/pebble/aplite/lib/libpebble.a(tmp7jpKUopebble.o)
                0x00001ee4                battery_state_service_peek
 .text.battery_state_service_subscribe
                0x00001ef0        0xc /home/webstas/.local/share/pebble-sdk/SDKs/current/sdk-core/pebble/aplite/lib/libpebble.a(tmp7jpKUopebble.o)
                0x00001ef0                battery_state_service_subscribe
 .text.battery_state_service_unsubscribe
                0x00001efc        0xc /home/webstas/.local/share/pebble-sdk/SDKs/current/sdk-core/pebble/aplite/lib/libpebble.a(tmp7jpKUopebble.o)
                0x00001efc                battery_state_service_unsubscribe
 .text.clock_is_24h_style
                0x00001f08        0xc /home/webstas/.local/share/pebble-sdk/SDKs/current/sdk-core/pebble/aplite/lib/libpebble.a(tmp7jpKUopebble.o)
                0x00001f08                clock_is_24h_style
 .text.cos_lookup
                0x00001f14        0xc /home/webstas/.local/share/pebble-sdk/SDKs/current/sdk-core/pebble/aplite/lib/libpebble.a(tmp7jpKUopebble.o)
                0x00001f14                cos_lookup
 .text.dict_find
                0x00001f20        0xc /home/webstas/.local/share/pebble-sdk/SDKs/current/sdk-core/pebble/aplite/lib/libpebble.a(tmp7jpKUopebble.o)
                0x00001f20                dict_find
 .text.dict_write_int32
                0x00001f2c        0xc /home/webstas/.local/share/pebble-sdk/SDKs/current/sdk-core/pebble/aplite/lib/libpebble.a(tmp7jpKUopebble.o)
                0x00001f2c                dict_write_int32
 .text.fonts_get_system_font
                0x00001f38        0xc /home/webstas/.local/share/pebble-sdk/SDKs/current/sdk-core/pebble/aplite/lib/libpebble.a(tmp7jpKUopebble.o)
                0x00001f38                fonts_get_system_font
 .text.graphics_draw_line
                0x00001f44        0xc /home/webstas/.local/share/pebble-sdk/SDKs/current/sdk-core/pebble/aplite/lib/libpebble.a(tmp7jpKUopebble.o)
                0x00001f44                graphics_draw_line
 .text.graphics_draw_rect
                0x00001f50        0xc /home/webstas/.local/share/pebble-sdk/SDKs/current/sdk-core/pebble/aplite/lib/libpebble.a(tmp7jpKUopebble.o)
                0x00001f50                graphics_draw_rect
 .text.graphics_fill_circle
                0x00001f5c        0xc /home/webstas/.local/share/pebble-sdk/SDKs/current/sdk-core/pebble/aplite/lib/libpebble.a(tmp7jpKUopebble.o)
                0x00001f5c                graphics_fill_circle
 .text.graphics_fill_rect
                0x00001f68        0xc /home/webstas/.local/share/pebble-sdk/SDKs/current/sdk-core/pebble/aplite/lib/libpebble.a(tmp7jpKUopebble.o)
                0x00001f68                graphics_fill_rect
 .text.grect_center_point
                0x00001f74        0xc /home/webstas/.local/share/pebble-sdk/SDKs/current/sdk-core/pebble/aplite/lib/libpebble.a(tmp7jpKUopebble.o)
                0x00001f74                grect_center_point
 .text.layer_add_child
                0x00001f80        0xc /home/webstas/.local/share/pebble-sdk/SDKs/current/sdk-core/pebble/aplite/lib/libpebble.a(tmp7jpKUopebble.o)
                0x00001f80                layer_add_child
 .text.layer_create
                0x00001f8c        0xc /home/webstas/.local/share/pebble-sdk/SDKs/current/sdk-core/pebble/aplite/lib/libpebble.a(tmp7jpKUopebble.o)
                0x00001f8c                layer_create
 .text.layer_destroy
                0x00001f98        0xc /home/webstas/.local/share/pebble-sdk/SDKs/current/sdk-core/pebble/aplite/lib/libpebble.a(tmp7jpKUopebble.o)
                0x00001f98                layer_destroy
 .text.layer_get_bounds
                0x00001fa4        0xc /home/webstas/.local/share/pebble-sdk/SDKs/current/sdk-core/pebble/aplite/lib/libpebble.a(tmp7jpKUopebble.o)
                0x00001fa4                layer_get_bounds
 .text.layer_mark_dirty
                0x00001fb0        0xc /home/webstas/.local/share/pebble-sdk/SDKs/current/sdk-core/pebble/aplite/lib/libpebble.a(tmp7jpKUopebble.o)
                0x00001fb0                layer_mark_dirty
 .text.layer_set_clips
                0x00001fbc        0xc /home/webstas/.local/share/pebble-sdk/SDKs/current/sdk-core/pebble/aplite/lib/libpebble.a(tmp7jpKUopebble.o)
                0x00001fbc                layer_set_clips
 .text.layer_set_frame
                0x00001fc8        0xc /home/webstas/.local/share/pebble-sdk/SDKs/current/sdk-core/pebble/aplite/lib/libpebble.a(tmp7jpKUopebble.o)
                0x00001fc8                layer_set_frame
 .text.layer_set_update_proc
                0x00001fd4        0xc /home/webstas/.local/share/pebble-sdk/SDKs/current/sdk-core/pebble/aplite/lib/libpebble.a(tmp7jpKUopebble.o)
                0x00001fd4                layer_set_update_proc
 .text.memmove  0x00001fe0        0xc /home/webstas/.local/share/pebble-sdk/SDKs/current/sdk-core/pebble/aplite/lib/libpebble.a(tmp7jpKUopebble.o)
                0x00001fe0                memmove
 .text.memset   0x00001fec        0xc /home/webstas/.local/share/pebble-sdk/SDKs/current/sdk-core/pebble/aplite/lib/libpebble.a(tmp7jpKUopebble.o)
                0x00001fec                memset
 .text.persist_exists
                0x00001ff8        0xc /home/webstas/.local/share/pebble-sdk/SDKs/current/sdk-core/pebble/aplite/lib/libpebble.a(tmp7jpKUopebble.o)
                0x00001ff8                persist_exists
 .text.persist_read_int
                0x00002004        0xc /home/webstas/.local/share/pebble-sdk/SDKs/current/sdk-core/pebble/aplite/lib/libpebble.a(tmp7jpKUopebble.o)
                0x00002004                persist_read_int
 .text.persist_write_int
                0x00002010        0xc /home/webstas/.local/share/pebble-sdk/SDKs/current/sdk-core/pebble/aplite/lib/libpebble.a(tmp7jpKUopebble.o)
                0x00002010                persist_write_int
 .text.persist_write_string
                0x0000201c        0xc /home/webstas/.local/share/pebble-sdk/SDKs/current/sdk-core/pebble/aplite/lib/libpebble.a(tmp7jpKUopebble.o)
                0x0000201c                persist_write_string
 .text.sin_lookup
                0x00002028        0xc /home/webstas/.local/share/pebble-sdk/SDKs/current/sdk-core/pebble/aplite/lib/libpebble.a(tmp7jpKUopebble.o)
                0x00002028                sin_lookup
 .text.snprintf
                0x00002034        0xc /home/webstas/.local/share/pebble-sdk/SDKs/current/sdk-core/pebble/aplite/lib/libpebble.a(tmp7jpKUopebble.o)
                0x00002034                snprintf
 .text.strcpy   0x00002040        0xc /home/webstas/.local/share/pebble-sdk/SDKs/current/sdk-core/pebble/aplite/lib/libpebble.a(tmp7jpKUopebble.o)
                0x00002040                strcpy
 .text.strftime
                0x0000204c        0xc /home/webstas/.local/share/pebble-sdk/SDKs/current/sdk-core/pebble/aplite/lib/libpebble.a(tmp7jpKUopebble.o)
                0x0000204c                strftime
 .text.strlen   0x00002058        0xc /home/webstas/.local/share/pebble-sdk/SDKs/current/sdk-core/pebble/aplite/lib/libpebble.a(tmp7jpKUopebble.o)
                0x00002058                strlen
 .text.strncmp  0x00002064        0xc /home/webstas/.local/share/pebble-sdk/SDKs/current/sdk-core/pebble/aplite/lib/libpebble.a(tmp7jpKUopebble.o)
                0x00002064                strncmp
 .text.strncpy  0x00002070        0xc /home/webstas/.local/share/pebble-sdk/SDKs/current/sdk-core/pebble/aplite/lib/libpebble.a(tmp7jpKUopebble.o)
                0x00002070                strncpy
 .text.tick_timer_service_subscribe
                0x0000207c        0xc /home/webstas/.local/share/pebble-sdk/SDKs/current/sdk-core/pebble/aplite/lib/libpebble.a(tmp7jpKUopebble.o)
                0x0000207c                tick_timer_service_subscribe
 .text.tick_timer_service_unsubscribe
                0x00002088        0xc /home/webstas/.local/share/pebble-sdk/SDKs/current/sdk-core/pebble/aplite/lib/libpebble.a(tmp7jpKUopebble.o)
                0x00002088                tick_timer_service_unsubscribe
 .text.vibes_short_pulse
                0x00002094        0xc /home/webstas/.local/share/pebble-sdk/SDKs/current/sdk-core/pebble/aplite/lib/libpebble.a(tmp7jpKUopebble.o)
                0x00002094                vibes_short_pulse
 .text.window_create
                0x000020a0        0xc /home/webstas/.local/share/pebble-sdk/SDKs/current/sdk-core/pebble/aplite/lib/libpebble.a(tmp7jpKUopebble.o)
                0x000020a0                window_create
 .text.window_destroy
                0x000020ac        0xc /home/webstas/.local/share/pebble-sdk/SDKs/current/sdk-core/pebble/aplite/lib/libpebble.a(tmp7jpKUopebble.o)
                0x000020ac                window_destroy
 .text.window_get_root_layer
                0x000020b8        0xc /home/webstas/.local/share/pebble-sdk/SDKs/current/sdk-core/pebble/aplite/lib/libpebble.a(tmp7jpKUopebble.o)
                0x000020b8                window_get_root_layer
 .text.window_set_window_handlers
                0x000020c4        0xc /home/webstas/.local/share/pebble-sdk/SDKs/current/sdk-core/pebble/aplite/lib/libpebble.a(tmp7jpKUopebble.o)
                0x000020c4                window_set_window_handlers
 .text.window_stack_push
                0x000020d0        0xc /home/webstas/.local/share/pebble-sdk/SDKs/current/sdk-core/pebble/aplite/lib/libpebble.a(tmp7jpKUopebble.o)
                0x000020d0                window_stack_push
 .text.app_message_outbox_begin
                0x000020dc        0xc /home/webstas/.local/share/pebble-sdk/SDKs/current/sdk-core/pebble/aplite/lib/libpebble.a(tmp7jpKUopebble.o)
                0x000020dc                app_message_outbox_begin
 .text.app_message_outbox_send
                0x000020e8        0xc /home/webstas/.local/share/pebble-sdk/SDKs/current/sdk-core/pebble/aplite/lib/libpebble.a(tmp7jpKUopebble.o)
                0x000020e8                app_message_outbox_send
 .text.app_message_register_inbox_received
                0x000020f4        0xc /home/webstas/.local/share/pebble-sdk/SDKs/current/sdk-core/pebble/aplite/lib/libpebble.a(tmp7jpKUopebble.o)
                0x000020f4                app_message_register_inbox_received
 .text.graphics_draw_text
                0x00002100        0xc /home/webstas/.local/share/pebble-sdk/SDKs/current/sdk-core/pebble/aplite/lib/libpebble.a(tmp7jpKUopebble.o)
                0x00002100                graphics_draw_text
 .text.persist_read_string
                0x0000210c        0xc /home/webstas/.local/share/pebble-sdk/SDKs/current/sdk-core/pebble/aplite/lib/libpebble.a(tmp7jpKUopebble.o)
                0x0000210c                persist_read_string
 .text.graphics_text_layout_get_content_size
                0x00002118        0xc /home/webstas/.local/share/pebble-sdk/SDKs/current/sdk-core/pebble/aplite/lib/libpebble.a(tmp7jpKUopebble.o)
                0x00002118                graphics_text_layout_get_content_size
 .text.graphics_context_set_fill_color
                0x00002124        0xc /home/webstas/.local/share/pebble-sdk/SDKs/current/sdk-core/pebble/aplite/lib/libpebble.a(tmp7jpKUopebble.o)
                0x00002124                graphics_context_set_fill_color
 .text.graphics_context_set_stroke_color
                0x00002130        0xc /home/webstas/.local/share/pebble-sdk/SDKs/current/sdk-core/pebble/aplite/lib/libpebble.a(tmp7jpKUopebble.o)
                0x00002130                graphics_context_set_stroke_color
 .text.graphics_context_set_text_color
                0x0000213c        0xc /home/webstas/.local/share/pebble-sdk/SDKs/current/sdk-core/pebble/aplite/lib/libpebble.a(tmp7jpKUopebble.o)
                0x0000213c                graphics_context_set_text_color
 .text.window_set_background_color
                0x00002148        0xc /home/webstas/.local/share/pebble-sdk/SDKs/current/sdk-core/pebble/aplite/lib/libpebble.a(tmp7jpKUopebble.o)
                0x00002148                window_set_background_color
 .text.localtime
                0x00002154        0xc /home/webstas/.local/share/pebble-sdk/SDKs/current/sdk-core/pebble/aplite/lib/libpebble.a(tmp7jpKUopebble.o)
                0x00002154                localtime
 .text.graphics_context_set_stroke_width
                0x00002160        0xc /home/webstas/.local/share/pebble-sdk/SDKs/current/sdk-core/pebble/aplite/lib/libpebble.a(tmp7jpKUopebble.o)
                0x00002160                graphics_context_set_stroke_width
 .text.text_layer_create
                0x0000216c        0xc /home/webstas/.local/share/pebble-sdk/SDKs/current/sdk-core/pebble/aplite/lib/libpebble.a(tmp7jpKUopebble.o)
                0x0000216c                text_layer_create
 .text.text_layer_destroy
                0x00002178        0xc /home/webstas/.local/share/pebble-sdk/SDKs/current/sdk-core/pebble/aplite/lib/libpebble.a(tmp7jpKUopebble.o)
                0x00002178                text_layer_destroy
 .text.text_layer_get_layer
                0x00002184        0xc /home/webstas/.local/share/pebble-sdk/SDKs/current/sdk-core/pebble/aplite/lib/libpebble.a(tmp7jpKUopebble.o)
                0x00002184                text_layer_get_layer
 .text.text_layer_set_background_color
                0x00002190        0xc /home/webstas/.local/share/pebble-sdk/SDKs/current/sdk-core/pebble/aplite/lib/libpebble.a(tmp7jpKUopebble.o)
                0x00002190                text_layer_set_background_color
 .text.text_layer_set_font
                0x0000219c        0xc /home/webstas/.local/share/pebble-sdk/SDKs/current/sdk-core/pebble/aplite/lib/libpebble.a(tmp7jpKUopebble.o)
                0x0000219c                text_layer_set_font
 .text.text_layer_set_text
                0x000021a8        0xc /home/webstas/.local/share/pebble-sdk/SDKs/current/sdk-core/pebble/aplite/lib/libpebble.a(tmp7jpKUopebble.o)
                0x000021a8                text_layer_set_text
 .text.text_layer_set_text_alignment
                0x000021b4        0xc /home/webstas/.local/share/pebble-sdk/SDKs/current/sdk-core/pebble/aplite/lib/libpebble.a(tmp7jpKUopebble.o)
                0x000021b4                text_layer_set_text_alignment
 .text.text_layer_set_text_color
                0x000021c0        0xc /home/webstas/.local/share/pebble-sdk/SDKs/current/sdk-core/pebble/aplite/lib/libpebble.a(tmp7jpKUopebble.o)
                0x000021c0                text_layer_set_text_color
 .text.time     0x000021cc        0xc /home/webstas/.local/share/pebble-sdk/SDKs/current/sdk-core/pebble/aplite/lib/libpebble.a(tmp7jpKUopebble.o)
                0x000021cc                time
 .text.connection_service_peek_pebble_app_connection
                0x000021d8        0xc /home/webstas/.local/share/pebble-sdk/SDKs/current/sdk-core/pebble/aplite/lib/libpebble.a(tmp7jpKUopebble.o)
                0x000021d8                connection_service_peek_pebble_app_connection
 .text.connection_service_subscribe
                0x000021e4        0xc /home/webstas/.local/share/pebble-sdk/SDKs/current/sdk-core/pebble/aplite/lib/libpebble.a(tmp7jpKUopebble.o)
                0x000021e4                connection_service_subscribe
 .text.connection_service_unsubscribe
                0x000021f0        0xc /home/webstas/.local/share/pebble-sdk/SDKs/current/sdk-core/pebble/aplite/lib/libpebble.a(tmp7jpKUopebble.o)
                0x000021f0                connection_service_unsubscribe
 .text.grect_inset
                0x000021fc        0xc /home/webstas/.local/share/pebble-sdk/SDKs/current/sdk-core/pebble/aplite/lib/libpebble.a(tmp7jpKUopebble.o)
                0x000021fc                grect_inset
 .text.graphics_draw_arc
                0x00002208        0xc /home/webstas/.local/share/pebble-sdk/SDKs/current/sdk-core/pebble/aplite/lib/libpebble.a(tmp7jpKUopebble.o)
                0x00002208                graphics_draw_arc
 .text.critical_factorization
                0x00002214       0xc8 /home/webstas/.local/share/pebble-sdk/SDKs/4.33.1/toolchain/arm-none-eabi/bin/../lib/gcc/arm-none-eabi/14.2.1/../../../../arm-none-eabi/lib/thumb/v7-m/nofp/libc.a(libc_a-strstr.o)
 .text.two_way_long_needle
                0x000022dc      0x208 /home/webstas/.local/share/pebble-sdk/SDKs/4.33.1/toolchain/arm-none-eabi/bin/../lib/gcc/arm-none-eabi/14.2.1/../../../../arm-none-eabi/lib/thumb/v7-m/nofp/libc.a(libc_a-strstr.o)
 .text.strstr   0x000024e4      0x158 /home/webstas/.local/share/pebble-sdk/SDKs/4.33.1/toolchain/arm-none-eabi/bin/../lib/gcc/arm-none-eabi/14.2.1/../../../../arm-none-eabi/lib/thumb/v7-m/nofp/libc.a(libc_a-strstr.o)
                0x000024e4                strstr
 .text.memcmp   0x0000263c       0x5c /home/webstas/.local/share/pebble-sdk/SDKs/4.33.1/toolchain/arm-none-eabi/bin/../lib/gcc/arm-none-eabi/14.2.1/../../../../arm-none-eabi/lib/thumb/v7-m/nofp/libc.a(libc_a-memcmp.o)
                0x0000263c                memcmp
 .text.strchr   0x00002698       0xd0 /home/webstas/.local/share/pebble-sdk/SDKs/4.33.1/toolchain/arm-none-eabi/bin/../lib/gcc/arm-none-eabi/14.2.1/../../../../arm-none-eabi/lib/thumb/v7-m/nofp/libc.a(libc_a-strchr.o)
                0x00002698                strchr
 .text.strnlen  0x00002768       0x2c /home/webstas/.local/share/pebble-sdk/SDKs/4.33.1/toolchain/arm-none-eabi/bin/../lib/gcc/arm-none-eabi/14.2.1/../../../../arm-none-eabi/lib/thumb/v7-m/nofp/libc.a(libc_a-strnlen.o)
                0x00002768                strnlen
 *(.rodata)
 *(.rodata*)
 .rodata.time_update_proc.str1.1
                0x00002794      0x189 src/c/main.c.41.o
                                 0x1b (size before relaxing)
 .rodata.lower_update_proc.str1.1
                0x0000291d       0x27 src/c/main.c.41.o
 .rodata.top_update_proc.str1.1
                0x0000291d        0x9 src/c/main.c.41.o
 .rodata.fmt_hm.constprop.0.str1.1
                0x0000291d       0x11 src/c/main.c.41.o
 .rodata.render_status.str1.1
                0x0000291d      0x104 src/c/main.c.41.o
 .rodata.tick_handler.str1.1
                0x0000291d       0x15 src/c/main.c.41.o
 .rodata.main.str1.1
                0x0000291d       0x15 src/c/main.c.41.o

.glue_7         0x00002920        0x0
 .glue_7        0x00002920        0x0 linker stubs

.glue_7t        0x00002920        0x0
 .glue_7t       0x00002920        0x0 linker stubs

.vfp11_veneer   0x00002920        0x0
 .vfp11_veneer  0x00002920        0x0 linker stubs

.v4_bx          0x00002920        0x0
 .v4_bx         0x00002920        0x0 linker stubs

.init           0x00002920        0x4
 .init          0x00002920        0x4 /home/webstas/.local/share/pebble-sdk/SDKs/4.33.1/toolchain/arm-none-eabi/bin/../lib/gcc/arm-none-eabi/14.2.1/thumb/v7-m/nofp/crti.o
                0x00002920                _init

.fini           0x00002924        0x4
 .fini          0x00002924        0x4 /home/webstas/.local/share/pebble-sdk/SDKs/4.33.1/toolchain/arm-none-eabi/bin/../lib/gcc/arm-none-eabi/14.2.1/thumb/v7-m/nofp/crti.o
                0x00002924                _fini

.iplt           0x00002928        0x0
 .iplt          0x00002928        0x0 src/c/main.c.41.o

.rel.dyn        0x00002928        0x0
 .rel.iplt      0x00002928        0x0 src/c/main.c.41.o
 .rel.got       0x00002928        0x0 src/c/main.c.41.o

.data           0x00002928       0x54
 *(.data)
 .data          0x00002928        0x0 /home/webstas/.local/share/pebble-sdk/SDKs/4.33.1/toolchain/arm-none-eabi/bin/../lib/gcc/arm-none-eabi/14.2.1/thumb/v7-m/nofp/crti.o
 .data          0x00002928        0x0 /home/webstas/.local/share/pebble-sdk/SDKs/4.33.1/toolchain/arm-none-eabi/bin/../lib/gcc/arm-none-eabi/14.2.1/thumb/v7-m/nofp/crtbegin.o
 .data          0x00002928        0x0 /home/webstas/.local/share/pebble-sdk/SDKs/4.33.1/toolchain/arm-none-eabi/bin/../lib/gcc/arm-none-eabi/14.2.1/../../../../arm-none-eabi/lib/thumb/v7-m/nofp/crt0.o
 .data          0x00002928        0x0 src/c/main.c.41.o
 .data          0x00002928        0x0 aplite/appinfo.auto.c.41.o
 .data          0x00002928        0x0 aplite/src/resource_ids.auto.c.41.o
 .data          0x00002928        0x0 src/message_keys.auto.c.41.o
 .data          0x00002928        0x0 /home/webstas/.local/share/pebble-sdk/SDKs/current/sdk-core/pebble/aplite/lib/libpebble.a(tmp7jpKUopebble.o)
 .data          0x00002928        0x0 /home/webstas/.local/share/pebble-sdk/SDKs/4.33.1/toolchain/arm-none-eabi/bin/../lib/gcc/arm-none-eabi/14.2.1/../../../../arm-none-eabi/lib/thumb/v7-m/nofp/libc.a(libc_a-atexit.o)
 .data          0x00002928        0x0 /home/webstas/.local/share/pebble-sdk/SDKs/4.33.1/toolchain/arm-none-eabi/bin/../lib/gcc/arm-none-eabi/14.2.1/../../../../arm-none-eabi/lib/thumb/v7-m/nofp/libc.a(libc_a-exit.o)
 .data          0x00002928        0x0 /home/webstas/.local/share/pebble-sdk/SDKs/4.33.1/toolchain/arm-none-eabi/bin/../lib/gcc/arm-none-eabi/14.2.1/../../../../arm-none-eabi/lib/thumb/v7-m/nofp/libc.a(libc_a-findfp.o)
 .data          0x00002928        0x0 /home/webstas/.local/share/pebble-sdk/SDKs/4.33.1/toolchain/arm-none-eabi/bin/../lib/gcc/arm-none-eabi/14.2.1/../../../../arm-none-eabi/lib/thumb/v7-m/nofp/libc.a(libc_a-fwalk.o)
 .data          0x00002928        0x0 /home/webstas/.local/share/pebble-sdk/SDKs/4.33.1/toolchain/arm-none-eabi/bin/../lib/gcc/arm-none-eabi/14.2.1/../../../../arm-none-eabi/lib/thumb/v7-m/nofp/libc.a(libc_a-stdio.o)
 .data          0x00002928        0x0 /home/webstas/.local/share/pebble-sdk/SDKs/4.33.1/toolchain/arm-none-eabi/bin/../lib/gcc/arm-none-eabi/14.2.1/../../../../arm-none-eabi/lib/thumb/v7-m/nofp/libc.a(libc_a-strstr.o)
 .data          0x00002928        0x0 /home/webstas/.local/share/pebble-sdk/SDKs/4.33.1/toolchain/arm-none-eabi/bin/../lib/gcc/arm-none-eabi/14.2.1/../../../../arm-none-eabi/lib/thumb/v7-m/nofp/libc.a(libc_a-closer.o)
 .data          0x00002928        0x0 /home/webstas/.local/share/pebble-sdk/SDKs/4.33.1/toolchain/arm-none-eabi/bin/../lib/gcc/arm-none-eabi/14.2.1/../../../../arm-none-eabi/lib/thumb/v7-m/nofp/libc.a(libc_a-reent.o)
 .data          0x00002928        0x0 /home/webstas/.local/share/pebble-sdk/SDKs/4.33.1/toolchain/arm-none-eabi/bin/../lib/gcc/arm-none-eabi/14.2.1/../../../../arm-none-eabi/lib/thumb/v7-m/nofp/libc.a(libc_a-impure.o)
 .data          0x00002928        0x0 /home/webstas/.local/share/pebble-sdk/SDKs/4.33.1/toolchain/arm-none-eabi/bin/../lib/gcc/arm-none-eabi/14.2.1/../../../../arm-none-eabi/lib/thumb/v7-m/nofp/libc.a(libc_a-lseekr.o)
 .data          0x00002928        0x0 /home/webstas/.local/share/pebble-sdk/SDKs/4.33.1/toolchain/arm-none-eabi/bin/../lib/gcc/arm-none-eabi/14.2.1/../../../../arm-none-eabi/lib/thumb/v7-m/nofp/libc.a(libc_a-readr.o)
 .data          0x00002928        0x0 /home/webstas/.local/share/pebble-sdk/SDKs/4.33.1/toolchain/arm-none-eabi/bin/../lib/gcc/arm-none-eabi/14.2.1/../../../../arm-none-eabi/lib/thumb/v7-m/nofp/libc.a(libc_a-writer.o)
 .data          0x00002928        0x0 /home/webstas/.local/share/pebble-sdk/SDKs/4.33.1/toolchain/arm-none-eabi/bin/../lib/gcc/arm-none-eabi/14.2.1/../../../../arm-none-eabi/lib/thumb/v7-m/nofp/libc.a(libc_a-init.o)
 .data          0x00002928        0x0 /home/webstas/.local/share/pebble-sdk/SDKs/4.33.1/toolchain/arm-none-eabi/bin/../lib/gcc/arm-none-eabi/14.2.1/../../../../arm-none-eabi/lib/thumb/v7-m/nofp/libc.a(libc_a-fini.o)
 .data          0x00002928        0x0 /home/webstas/.local/share/pebble-sdk/SDKs/4.33.1/toolchain/arm-none-eabi/bin/../lib/gcc/arm-none-eabi/14.2.1/../../../../arm-none-eabi/lib/thumb/v7-m/nofp/libc.a(libc_a-lock.o)
 .data          0x00002928        0x0 /home/webstas/.local/share/pebble-sdk/SDKs/4.33.1/toolchain/arm-none-eabi/bin/../lib/gcc/arm-none-eabi/14.2.1/../../../../arm-none-eabi/lib/thumb/v7-m/nofp/libc.a(libc_a-__atexit.o)
 .data          0x00002928        0x0 /home/webstas/.local/share/pebble-sdk/SDKs/4.33.1/toolchain/arm-none-eabi/bin/../lib/gcc/arm-none-eabi/14.2.1/../../../../arm-none-eabi/lib/thumb/v7-m/nofp/libc.a(libc_a-__call_atexit.o)
 .data          0x00002928        0x0 /home/webstas/.local/share/pebble-sdk/SDKs/4.33.1/toolchain/arm-none-eabi/bin/../lib/gcc/arm-none-eabi/14.2.1/../../../../arm-none-eabi/lib/thumb/v7-m/nofp/libc.a(libc_a-freer.o)
 .data          0x00002928        0x0 /home/webstas/.local/share/pebble-sdk/SDKs/4.33.1/toolchain/arm-none-eabi/bin/../lib/gcc/arm-none-eabi/14.2.1/../../../../arm-none-eabi/lib/thumb/v7-m/nofp/libc.a(libc_a-mallocr.o)
 .data          0x00002928        0x0 /home/webstas/.local/share/pebble-sdk/SDKs/4.33.1/toolchain/arm-none-eabi/bin/../lib/gcc/arm-none-eabi/14.2.1/../../../../arm-none-eabi/lib/thumb/v7-m/nofp/libc.a(libc_a-mlock.o)
 .data          0x00002928        0x0 /home/webstas/.local/share/pebble-sdk/SDKs/4.33.1/toolchain/arm-none-eabi/bin/../lib/gcc/arm-none-eabi/14.2.1/../../../../arm-none-eabi/lib/thumb/v7-m/nofp/libc.a(libc_a-fclose.o)
 .data          0x00002928        0x0 /home/webstas/.local/share/pebble-sdk/SDKs/4.33.1/toolchain/arm-none-eabi/bin/../lib/gcc/arm-none-eabi/14.2.1/../../../../arm-none-eabi/lib/thumb/v7-m/nofp/libc.a(libc_a-fflush.o)
 .data          0x00002928        0x0 /home/webstas/.local/share/pebble-sdk/SDKs/4.33.1/toolchain/arm-none-eabi/bin/../lib/gcc/arm-none-eabi/14.2.1/../../../../arm-none-eabi/lib/thumb/v7-m/nofp/libc.a(libc_a-memcmp.o)
 .data          0x00002928        0x0 /home/webstas/.local/share/pebble-sdk/SDKs/4.33.1/toolchain/arm-none-eabi/bin/../lib/gcc/arm-none-eabi/14.2.1/../../../../arm-none-eabi/lib/thumb/v7-m/nofp/libc.a(libc_a-strchr.o)
 .data          0x00002928        0x0 /home/webstas/.local/share/pebble-sdk/SDKs/4.33.1/toolchain/arm-none-eabi/bin/../lib/gcc/arm-none-eabi/14.2.1/../../../../arm-none-eabi/lib/thumb/v7-m/nofp/libc.a(libc_a-strnlen.o)
 .data          0x00002928        0x0 /home/webstas/.local/share/pebble-sdk/SDKs/4.33.1/toolchain/arm-none-eabi/bin/../lib/gcc/arm-none-eabi/14.2.1/../../../../arm-none-eabi/lib/thumb/v7-m/nofp/libc.a(libc_a-sbrkr.o)
 .data          0x00002928        0x0 /home/webstas/.local/share/pebble-sdk/SDKs/4.33.1/toolchain/arm-none-eabi/bin/../lib/gcc/arm-none-eabi/14.2.1/../../../../arm-none-eabi/lib/thumb/v7-m/nofp/libc.a(libc_a-sysconf.o)
 .data          0x00002928        0x0 /home/webstas/.local/share/pebble-sdk/SDKs/4.33.1/toolchain/arm-none-eabi/bin/../lib/gcc/arm-none-eabi/14.2.1/../../../../arm-none-eabi/lib/thumb/v7-m/nofp/libc.a(libc_a-errno.o)
 .data          0x00002928        0x0 /home/webstas/.local/share/pebble-sdk/SDKs/4.33.1/toolchain/arm-none-eabi/bin/../lib/gcc/arm-none-eabi/14.2.1/thumb/v7-m/nofp/crtend.o
 .data          0x00002928        0x0 /home/webstas/.local/share/pebble-sdk/SDKs/4.33.1/toolchain/arm-none-eabi/bin/../lib/gcc/arm-none-eabi/14.2.1/thumb/v7-m/nofp/crtn.o
 *(.data.*)
 .data.s_status_w
                0x00002928        0x4 src/c/main.c.41.o
 .data.s_bt     0x0000292c        0x1 src/c/main.c.41.o
 *fill*         0x0000292d        0x3 
 .data.s_track_over_s
                0x00002930        0x4 src/c/main.c.41.o
 .data.s_next_min
                0x00002934        0x4 src/c/main.c.41.o
 .data.s_status
                0x00002938        0x4 src/c/main.c.41.o
 .data.MESSAGE_KEY_MSG_TYPE
                0x0000293c        0x4 src/message_keys.auto.c.41.o
                0x0000293c                MESSAGE_KEY_MSG_TYPE
 .data.MESSAGE_KEY_FACE_WORKED_MIN
                0x00002940        0x4 src/message_keys.auto.c.41.o
                0x00002940                MESSAGE_KEY_FACE_WORKED_MIN
 .data.MESSAGE_KEY_FACE_WEEK_CSV
                0x00002944        0x4 src/message_keys.auto.c.41.o
                0x00002944                MESSAGE_KEY_FACE_WEEK_CSV
 .data.MESSAGE_KEY_FACE_TRACKING_TITLE
                0x00002948        0x4 src/message_keys.auto.c.41.o
                0x00002948                MESSAGE_KEY_FACE_TRACKING_TITLE
 .data.MESSAGE_KEY_FACE_TRACKING_OVER_S
                0x0000294c        0x4 src/message_keys.auto.c.41.o
                0x0000294c                MESSAGE_KEY_FACE_TRACKING_OVER_S
 .data.MESSAGE_KEY_FACE_TRACKING_ELAPSED_S
                0x00002950        0x4 src/message_keys.auto.c.41.o
                0x00002950                MESSAGE_KEY_FACE_TRACKING_ELAPSED_S
 .data.MESSAGE_KEY_FACE_TOTAL_TODAY
                0x00002954        0x4 src/message_keys.auto.c.41.o
                0x00002954                MESSAGE_KEY_FACE_TOTAL_TODAY
 .data.MESSAGE_KEY_FACE_STATUS
                0x00002958        0x4 src/message_keys.auto.c.41.o
                0x00002958                MESSAGE_KEY_FACE_STATUS
 .data.MESSAGE_KEY_FACE_NEXT_TITLE
                0x0000295c        0x4 src/message_keys.auto.c.41.o
                0x0000295c                MESSAGE_KEY_FACE_NEXT_TITLE
 .data.MESSAGE_KEY_FACE_NEXT_MIN
                0x00002960        0x4 src/message_keys.auto.c.41.o
                0x00002960                MESSAGE_KEY_FACE_NEXT_MIN
 .data.MESSAGE_KEY_FACE_HABIT_TITLE
                0x00002964        0x4 src/message_keys.auto.c.41.o
                0x00002964                MESSAGE_KEY_FACE_HABIT_TITLE
 .data.MESSAGE_KEY_FACE_HABIT_STREAK
                0x00002968        0x4 src/message_keys.auto.c.41.o
                0x00002968                MESSAGE_KEY_FACE_HABIT_STREAK
 .data.MESSAGE_KEY_FACE_HABITS_TOTAL
                0x0000296c        0x4 src/message_keys.auto.c.41.o
                0x0000296c                MESSAGE_KEY_FACE_HABITS_TOTAL
 .data.MESSAGE_KEY_FACE_HABITS_DONE
                0x00002970        0x4 src/message_keys.auto.c.41.o
                0x00002970                MESSAGE_KEY_FACE_HABITS_DONE
 .data.MESSAGE_KEY_FACE_EST_REMAIN_MIN
                0x00002974        0x4 src/message_keys.auto.c.41.o
                0x00002974                MESSAGE_KEY_FACE_EST_REMAIN_MIN
 .data.MESSAGE_KEY_FACE_DONE_TODAY
                0x00002978        0x4 src/message_keys.auto.c.41.o
                0x00002978                MESSAGE_KEY_FACE_DONE_TODAY

.igot.plt       0x0000297c        0x0
 .igot.plt      0x0000297c        0x0 src/c/main.c.41.o

.got            0x0000297c       0x40
 .got           0x0000297c       0x40 src/c/main.c.41.o

.got.plt        0x000029bc        0xc
 .got.plt       0x000029bc        0xc src/c/main.c.41.o
                0x000029bc                _GLOBAL_OFFSET_TABLE_

.bss            0x000029c8      0x258
 *(.bss)
 *(.bss.*)
 .bss.s_status_warn
                0x000029c8        0x1 src/c/main.c.41.o
 *fill*         0x000029c9        0x3 
 .bss.s_intro_tick
                0x000029cc        0x4 src/c/main.c.41.o
 .bss.s_bt_flash
                0x000029d0        0x4 src/c/main.c.41.o
 .bss.s_beat_tick
                0x000029d4        0x4 src/c/main.c.41.o
 .bss.s_spark_tick
                0x000029d8        0x4 src/c/main.c.41.o
 .bss.s_time_prev
                0x000029dc        0x8 src/c/main.c.41.o
 .bss.s_time_roll_tick
                0x000029e4        0x4 src/c/main.c.41.o
 .bss.s_marquee_last
                0x000029e8       0x60 src/c/main.c.41.o
 .bss.s_marquee_budget
                0x00002a48        0x4 src/c/main.c.41.o
 .bss.s_marquee_on
                0x00002a4c        0x1 src/c/main.c.41.o
 *fill*         0x00002a4d        0x3 
 .bss.s_marquee_off
                0x00002a50        0x4 src/c/main.c.41.o
 .bss.s_slide_tick
                0x00002a54        0x4 src/c/main.c.41.o
 .bss.s_pulse_tick
                0x00002a58        0x4 src/c/main.c.41.o
 .bss.s_ring_target
                0x00002a5c        0x4 src/c/main.c.41.o
 .bss.s_ring_shown
                0x00002a60        0x4 src/c/main.c.41.o
 .bss.s_anim_timer
                0x00002a64        0x4 src/c/main.c.41.o
 .bss.s_status_color
                0x00002a68        0x1 src/c/main.c.41.o
 .bss.s_status_prev
                0x00002a69       0x60 src/c/main.c.41.o
 .bss.s_status_buf
                0x00002ac9       0x60 src/c/main.c.41.o
 .bss.s_date_buf
                0x00002b29       0x18 src/c/main.c.41.o
 .bss.s_time_buf
                0x00002b41        0x8 src/c/main.c.41.o
 *fill*         0x00002b49        0x3 
 .bss.s_line_mode
                0x00002b4c        0x4 src/c/main.c.41.o
 .bss.s_last_ok
                0x00002b50        0x4 src/c/main.c.41.o
 .bss.s_track_received
                0x00002b54        0x4 src/c/main.c.41.o
 .bss.s_track_elapsed_s
                0x00002b58        0x4 src/c/main.c.41.o
 .bss.s_track_title
                0x00002b5c       0x28 src/c/main.c.41.o
 .bss.s_week    0x00002b84       0x1c src/c/main.c.41.o
 .bss.s_hab_title
                0x00002ba0       0x18 src/c/main.c.41.o
 .bss.s_hab_streak
                0x00002bb8        0x4 src/c/main.c.41.o
 .bss.s_hab_total
                0x00002bbc        0x4 src/c/main.c.41.o
 .bss.s_hab_done
                0x00002bc0        0x4 src/c/main.c.41.o
 .bss.s_next_title
                0x00002bc4       0x28 src/c/main.c.41.o
 .bss.s_est_min
                0x00002bec        0x4 src/c/main.c.41.o
 .bss.s_worked_min
                0x00002bf0        0x4 src/c/main.c.41.o
 .bss.s_total   0x00002bf4        0x4 src/c/main.c.41.o
 .bss.s_done    0x00002bf8        0x4 src/c/main.c.41.o
 .bss.s_date_home
                0x00002bfc        0x8 src/c/main.c.41.o
 .bss.s_lower_layer
                0x00002c04        0x4 src/c/main.c.41.o
 .bss.s_top_layer
                0x00002c08        0x4 src/c/main.c.41.o
 .bss.s_status_layer_l
                0x00002c0c        0x4 src/c/main.c.41.o
 .bss.s_date_layer
                0x00002c10        0x4 src/c/main.c.41.o
 .bss.s_time_layer_l
                0x00002c14        0x4 src/c/main.c.41.o
 .bss.s_ring_layer
                0x00002c18        0x4 src/c/main.c.41.o
 .bss.s_window  0x00002c1c        0x4 src/c/main.c.41.o

DISCARD
 libc.a(*)
 libm.a(*)
 libgcc.a(*)
 *(.eh_frame)
OUTPUT(/home/webstas/Documents/Github/PebbleSuperProductivityFace/build/aplite/pebble-app.elf elf32-littlearm)
LOAD linker stubs
LOAD /home/webstas/.local/share/pebble-sdk/SDKs/4.33.1/toolchain/arm-none-eabi/bin/../lib/gcc/arm-none-eabi/14.2.1/../../../../arm-none-eabi/lib/thumb/v7-m/nofp/libc.a
LOAD /home/webstas/.local/share/pebble-sdk/SDKs/4.33.1/toolchain/arm-none-eabi/bin/../lib/gcc/arm-none-eabi/14.2.1/../../../../arm-none-eabi/lib/thumb/v7-m/nofp/libm.a
LOAD /home/webstas/.local/share/pebble-sdk/SDKs/4.33.1/toolchain/arm-none-eabi/bin/../lib/gcc/arm-none-eabi/14.2.1/thumb/v7-m/nofp/libgcc.a

.ARM.attributes
                0x00000000       0x29
 .ARM.attributes
                0x00000000       0x1d /home/webstas/.local/share/pebble-sdk/SDKs/4.33.1/toolchain/arm-none-eabi/bin/../lib/gcc/arm-none-eabi/14.2.1/thumb/v7-m/nofp/crti.o
 .ARM.attributes
                0x0000001d       0x2d /home/webstas/.local/share/pebble-sdk/SDKs/4.33.1/toolchain/arm-none-eabi/bin/../lib/gcc/arm-none-eabi/14.2.1/thumb/v7-m/nofp/crtbegin.o
 .ARM.attributes
                0x0000004a       0x1b /home/webstas/.local/share/pebble-sdk/SDKs/4.33.1/toolchain/arm-none-eabi/bin/../lib/gcc/arm-none-eabi/14.2.1/../../../../arm-none-eabi/lib/thumb/v7-m/nofp/crt0.o
 .ARM.attributes
                0x00000065       0x2d src/c/main.c.41.o
 .ARM.attributes
                0x00000092       0x2d aplite/appinfo.auto.c.41.o
 .ARM.attributes
                0x000000bf       0x2d aplite/src/resource_ids.auto.c.41.o
 .ARM.attributes
                0x000000ec       0x2d src/message_keys.auto.c.41.o
 .ARM.attributes
                0x00000119       0x21 /home/webstas/.local/share/pebble-sdk/SDKs/current/sdk-core/pebble/aplite/lib/libpebble.a(tmp7jpKUopebble.o)
 .ARM.attributes
                0x0000013a       0x2d /home/webstas/.local/share/pebble-sdk/SDKs/4.33.1/toolchain/arm-none-eabi/bin/../lib/gcc/arm-none-eabi/14.2.1/../../../../arm-none-eabi/lib/thumb/v7-m/nofp/libc.a(libc_a-atexit.o)
 .ARM.attributes
                0x00000167       0x2d /home/webstas/.local/share/pebble-sdk/SDKs/4.33.1/toolchain/arm-none-eabi/bin/../lib/gcc/arm-none-eabi/14.2.1/../../../../arm-none-eabi/lib/thumb/v7-m/nofp/libc.a(libc_a-exit.o)
 .ARM.attributes
                0x00000194       0x2d /home/webstas/.local/share/pebble-sdk/SDKs/4.33.1/toolchain/arm-none-eabi/bin/../lib/gcc/arm-none-eabi/14.2.1/../../../../arm-none-eabi/lib/thumb/v7-m/nofp/libc.a(libc_a-findfp.o)
 .ARM.attributes
                0x000001c1       0x2d /home/webstas/.local/share/pebble-sdk/SDKs/4.33.1/toolchain/arm-none-eabi/bin/../lib/gcc/arm-none-eabi/14.2.1/../../../../arm-none-eabi/lib/thumb/v7-m/nofp/libc.a(libc_a-fwalk.o)
 .ARM.attributes
                0x000001ee       0x2d /home/webstas/.local/share/pebble-sdk/SDKs/4.33.1/toolchain/arm-none-eabi/bin/../lib/gcc/arm-none-eabi/14.2.1/../../../../arm-none-eabi/lib/thumb/v7-m/nofp/libc.a(libc_a-stdio.o)
 .ARM.attributes
                0x0000021b       0x2d /home/webstas/.local/share/pebble-sdk/SDKs/4.33.1/toolchain/arm-none-eabi/bin/../lib/gcc/arm-none-eabi/14.2.1/../../../../arm-none-eabi/lib/thumb/v7-m/nofp/libc.a(libc_a-strstr.o)
 .ARM.attributes
                0x00000248       0x2d /home/webstas/.local/share/pebble-sdk/SDKs/4.33.1/toolchain/arm-none-eabi/bin/../lib/gcc/arm-none-eabi/14.2.1/../../../../arm-none-eabi/lib/thumb/v7-m/nofp/libc.a(libc_a-closer.o)
 .ARM.attributes
                0x00000275       0x2d /home/webstas/.local/share/pebble-sdk/SDKs/4.33.1/toolchain/arm-none-eabi/bin/../lib/gcc/arm-none-eabi/14.2.1/../../../../arm-none-eabi/lib/thumb/v7-m/nofp/libc.a(libc_a-reent.o)
 .ARM.attributes
                0x000002a2       0x2d /home/webstas/.local/share/pebble-sdk/SDKs/4.33.1/toolchain/arm-none-eabi/bin/../lib/gcc/arm-none-eabi/14.2.1/../../../../arm-none-eabi/lib/thumb/v7-m/nofp/libc.a(libc_a-impure.o)
 .ARM.attributes
                0x000002cf       0x2d /home/webstas/.local/share/pebble-sdk/SDKs/4.33.1/toolchain/arm-none-eabi/bin/../lib/gcc/arm-none-eabi/14.2.1/../../../../arm-none-eabi/lib/thumb/v7-m/nofp/libc.a(libc_a-lseekr.o)
 .ARM.attributes
                0x000002fc       0x2d /home/webstas/.local/share/pebble-sdk/SDKs/4.33.1/toolchain/arm-none-eabi/bin/../lib/gcc/arm-none-eabi/14.2.1/../../../../arm-none-eabi/lib/thumb/v7-m/nofp/libc.a(libc_a-readr.o)
 .ARM.attributes
                0x00000329       0x2d /home/webstas/.local/share/pebble-sdk/SDKs/4.33.1/toolchain/arm-none-eabi/bin/../lib/gcc/arm-none-eabi/14.2.1/../../../../arm-none-eabi/lib/thumb/v7-m/nofp/libc.a(libc_a-writer.o)
 .ARM.attributes
                0x00000356       0x2d /home/webstas/.local/share/pebble-sdk/SDKs/4.33.1/toolchain/arm-none-eabi/bin/../lib/gcc/arm-none-eabi/14.2.1/../../../../arm-none-eabi/lib/thumb/v7-m/nofp/libc.a(libc_a-init.o)
 .ARM.attributes
                0x00000383       0x2d /home/webstas/.local/share/pebble-sdk/SDKs/4.33.1/toolchain/arm-none-eabi/bin/../lib/gcc/arm-none-eabi/14.2.1/../../../../arm-none-eabi/lib/thumb/v7-m/nofp/libc.a(libc_a-fini.o)
 .ARM.attributes
                0x000003b0       0x2d /home/webstas/.local/share/pebble-sdk/SDKs/4.33.1/toolchain/arm-none-eabi/bin/../lib/gcc/arm-none-eabi/14.2.1/../../../../arm-none-eabi/lib/thumb/v7-m/nofp/libc.a(libc_a-lock.o)
 .ARM.attributes
                0x000003dd       0x2d /home/webstas/.local/share/pebble-sdk/SDKs/4.33.1/toolchain/arm-none-eabi/bin/../lib/gcc/arm-none-eabi/14.2.1/../../../../arm-none-eabi/lib/thumb/v7-m/nofp/libc.a(libc_a-__atexit.o)
 .ARM.attributes
                0x0000040a       0x2d /home/webstas/.local/share/pebble-sdk/SDKs/4.33.1/toolchain/arm-none-eabi/bin/../lib/gcc/arm-none-eabi/14.2.1/../../../../arm-none-eabi/lib/thumb/v7-m/nofp/libc.a(libc_a-__call_atexit.o)
 .ARM.attributes
                0x00000437       0x2d /home/webstas/.local/share/pebble-sdk/SDKs/4.33.1/toolchain/arm-none-eabi/bin/../lib/gcc/arm-none-eabi/14.2.1/../../../../arm-none-eabi/lib/thumb/v7-m/nofp/libc.a(libc_a-freer.o)
 .ARM.attributes
                0x00000464       0x2d /home/webstas/.local/share/pebble-sdk/SDKs/4.33.1/toolchain/arm-none-eabi/bin/../lib/gcc/arm-none-eabi/14.2.1/../../../../arm-none-eabi/lib/thumb/v7-m/nofp/libc.a(libc_a-mallocr.o)
 .ARM.attributes
                0x00000491       0x2d /home/webstas/.local/share/pebble-sdk/SDKs/4.33.1/toolchain/arm-none-eabi/bin/../lib/gcc/arm-none-eabi/14.2.1/../../../../arm-none-eabi/lib/thumb/v7-m/nofp/libc.a(libc_a-mlock.o)
 .ARM.attributes
                0x000004be       0x2d /home/webstas/.local/share/pebble-sdk/SDKs/4.33.1/toolchain/arm-none-eabi/bin/../lib/gcc/arm-none-eabi/14.2.1/../../../../arm-none-eabi/lib/thumb/v7-m/nofp/libc.a(libc_a-fclose.o)
 .ARM.attributes
                0x000004eb       0x2d /home/webstas/.local/share/pebble-sdk/SDKs/4.33.1/toolchain/arm-none-eabi/bin/../lib/gcc/arm-none-eabi/14.2.1/../../../../arm-none-eabi/lib/thumb/v7-m/nofp/libc.a(libc_a-fflush.o)
 .ARM.attributes
                0x00000518       0x2d /home/webstas/.local/share/pebble-sdk/SDKs/4.33.1/toolchain/arm-none-eabi/bin/../lib/gcc/arm-none-eabi/14.2.1/../../../../arm-none-eabi/lib/thumb/v7-m/nofp/libc.a(libc_a-memcmp.o)
 .ARM.attributes
                0x00000545       0x2d /home/webstas/.local/share/pebble-sdk/SDKs/4.33.1/toolchain/arm-none-eabi/bin/../lib/gcc/arm-none-eabi/14.2.1/../../../../arm-none-eabi/lib/thumb/v7-m/nofp/libc.a(libc_a-strchr.o)
 .ARM.attributes
                0x00000572       0x2d /home/webstas/.local/share/pebble-sdk/SDKs/4.33.1/toolchain/arm-none-eabi/bin/../lib/gcc/arm-none-eabi/14.2.1/../../../../arm-none-eabi/lib/thumb/v7-m/nofp/libc.a(libc_a-strnlen.o)
 .ARM.attributes
                0x0000059f       0x2d /home/webstas/.local/share/pebble-sdk/SDKs/4.33.1/toolchain/arm-none-eabi/bin/../lib/gcc/arm-none-eabi/14.2.1/../../../../arm-none-eabi/lib/thumb/v7-m/nofp/libc.a(libc_a-sbrkr.o)
 .ARM.attributes
                0x000005cc       0x2d /home/webstas/.local/share/pebble-sdk/SDKs/4.33.1/toolchain/arm-none-eabi/bin/../lib/gcc/arm-none-eabi/14.2.1/../../../../arm-none-eabi/lib/thumb/v7-m/nofp/libc.a(libc_a-sysconf.o)
 .ARM.attributes
                0x000005f9       0x2d /home/webstas/.local/share/pebble-sdk/SDKs/4.33.1/toolchain/arm-none-eabi/bin/../lib/gcc/arm-none-eabi/14.2.1/../../../../arm-none-eabi/lib/thumb/v7-m/nofp/libc.a(libc_a-errno.o)
 .ARM.attributes
                0x00000626       0x2d /home/webstas/.local/share/pebble-sdk/SDKs/4.33.1/toolchain/arm-none-eabi/bin/../lib/gcc/arm-none-eabi/14.2.1/thumb/v7-m/nofp/crtend.o
 .ARM.attributes
                0x00000653       0x1d /home/webstas/.local/share/pebble-sdk/SDKs/4.33.1/toolchain/arm-none-eabi/bin/../lib/gcc/arm-none-eabi/14.2.1/thumb/v7-m/nofp/crtn.o

.comment        0x00000000       0x39
 .comment       0x00000000       0x39 /home/webstas/.local/share/pebble-sdk/SDKs/4.33.1/toolchain/arm-none-eabi/bin/../lib/gcc/arm-none-eabi/14.2.1/thumb/v7-m/nofp/crtbegin.o
                                 0x3a (size before relaxing)
 .comment       0x00000039       0x3a src/c/main.c.41.o
 .comment       0x00000039       0x3a aplite/appinfo.auto.c.41.o
 .comment       0x00000039       0x3a aplite/src/resource_ids.auto.c.41.o
 .comment       0x00000039       0x3a src/message_keys.auto.c.41.o
 .comment       0x00000039       0x3a /home/webstas/.local/share/pebble-sdk/SDKs/4.33.1/toolchain/arm-none-eabi/bin/../lib/gcc/arm-none-eabi/14.2.1/../../../../arm-none-eabi/lib/thumb/v7-m/nofp/libc.a(libc_a-atexit.o)
 .comment       0x00000039       0x3a /home/webstas/.local/share/pebble-sdk/SDKs/4.33.1/toolchain/arm-none-eabi/bin/../lib/gcc/arm-none-eabi/14.2.1/../../../../arm-none-eabi/lib/thumb/v7-m/nofp/libc.a(libc_a-exit.o)
 .comment       0x00000039       0x3a /home/webstas/.local/share/pebble-sdk/SDKs/4.33.1/toolchain/arm-none-eabi/bin/../lib/gcc/arm-none-eabi/14.2.1/../../../../arm-none-eabi/lib/thumb/v7-m/nofp/libc.a(libc_a-findfp.o)
 .comment       0x00000039       0x3a /home/webstas/.local/share/pebble-sdk/SDKs/4.33.1/toolchain/arm-none-eabi/bin/../lib/gcc/arm-none-eabi/14.2.1/../../../../arm-none-eabi/lib/thumb/v7-m/nofp/libc.a(libc_a-fwalk.o)
 .comment       0x00000039       0x3a /home/webstas/.local/share/pebble-sdk/SDKs/4.33.1/toolchain/arm-none-eabi/bin/../lib/gcc/arm-none-eabi/14.2.1/../../../../arm-none-eabi/lib/thumb/v7-m/nofp/libc.a(libc_a-stdio.o)
 .comment       0x00000039       0x3a /home/webstas/.local/share/pebble-sdk/SDKs/4.33.1/toolchain/arm-none-eabi/bin/../lib/gcc/arm-none-eabi/14.2.1/../../../../arm-none-eabi/lib/thumb/v7-m/nofp/libc.a(libc_a-strstr.o)
 .comment       0x00000039       0x3a /home/webstas/.local/share/pebble-sdk/SDKs/4.33.1/toolchain/arm-none-eabi/bin/../lib/gcc/arm-none-eabi/14.2.1/../../../../arm-none-eabi/lib/thumb/v7-m/nofp/libc.a(libc_a-closer.o)
 .comment       0x00000039       0x3a /home/webstas/.local/share/pebble-sdk/SDKs/4.33.1/toolchain/arm-none-eabi/bin/../lib/gcc/arm-none-eabi/14.2.1/../../../../arm-none-eabi/lib/thumb/v7-m/nofp/libc.a(libc_a-reent.o)
 .comment       0x00000039       0x3a /home/webstas/.local/share/pebble-sdk/SDKs/4.33.1/toolchain/arm-none-eabi/bin/../lib/gcc/arm-none-eabi/14.2.1/../../../../arm-none-eabi/lib/thumb/v7-m/nofp/libc.a(libc_a-impure.o)
 .comment       0x00000039       0x3a /home/webstas/.local/share/pebble-sdk/SDKs/4.33.1/toolchain/arm-none-eabi/bin/../lib/gcc/arm-none-eabi/14.2.1/../../../../arm-none-eabi/lib/thumb/v7-m/nofp/libc.a(libc_a-lseekr.o)
 .comment       0x00000039       0x3a /home/webstas/.local/share/pebble-sdk/SDKs/4.33.1/toolchain/arm-none-eabi/bin/../lib/gcc/arm-none-eabi/14.2.1/../../../../arm-none-eabi/lib/thumb/v7-m/nofp/libc.a(libc_a-readr.o)
 .comment       0x00000039       0x3a /home/webstas/.local/share/pebble-sdk/SDKs/4.33.1/toolchain/arm-none-eabi/bin/../lib/gcc/arm-none-eabi/14.2.1/../../../../arm-none-eabi/lib/thumb/v7-m/nofp/libc.a(libc_a-writer.o)
 .comment       0x00000039       0x3a /home/webstas/.local/share/pebble-sdk/SDKs/4.33.1/toolchain/arm-none-eabi/bin/../lib/gcc/arm-none-eabi/14.2.1/../../../../arm-none-eabi/lib/thumb/v7-m/nofp/libc.a(libc_a-init.o)
 .comment       0x00000039       0x3a /home/webstas/.local/share/pebble-sdk/SDKs/4.33.1/toolchain/arm-none-eabi/bin/../lib/gcc/arm-none-eabi/14.2.1/../../../../arm-none-eabi/lib/thumb/v7-m/nofp/libc.a(libc_a-fini.o)
 .comment       0x00000039       0x3a /home/webstas/.local/share/pebble-sdk/SDKs/4.33.1/toolchain/arm-none-eabi/bin/../lib/gcc/arm-none-eabi/14.2.1/../../../../arm-none-eabi/lib/thumb/v7-m/nofp/libc.a(libc_a-lock.o)
 .comment       0x00000039       0x3a /home/webstas/.local/share/pebble-sdk/SDKs/4.33.1/toolchain/arm-none-eabi/bin/../lib/gcc/arm-none-eabi/14.2.1/../../../../arm-none-eabi/lib/thumb/v7-m/nofp/libc.a(libc_a-__atexit.o)
 .comment       0x00000039       0x3a /home/webstas/.local/share/pebble-sdk/SDKs/4.33.1/toolchain/arm-none-eabi/bin/../lib/gcc/arm-none-eabi/14.2.1/../../../../arm-none-eabi/lib/thumb/v7-m/nofp/libc.a(libc_a-__call_atexit.o)
 .comment       0x00000039       0x3a /home/webstas/.local/share/pebble-sdk/SDKs/4.33.1/toolchain/arm-none-eabi/bin/../lib/gcc/arm-none-eabi/14.2.1/../../../../arm-none-eabi/lib/thumb/v7-m/nofp/libc.a(libc_a-freer.o)
 .comment       0x00000039       0x3a /home/webstas/.local/share/pebble-sdk/SDKs/4.33.1/toolchain/arm-none-eabi/bin/../lib/gcc/arm-none-eabi/14.2.1/../../../../arm-none-eabi/lib/thumb/v7-m/nofp/libc.a(libc_a-mallocr.o)
 .comment       0x00000039       0x3a /home/webstas/.local/share/pebble-sdk/SDKs/4.33.1/toolchain/arm-none-eabi/bin/../lib/gcc/arm-none-eabi/14.2.1/../../../../arm-none-eabi/lib/thumb/v7-m/nofp/libc.a(libc_a-mlock.o)
 .comment       0x00000039       0x3a /home/webstas/.local/share/pebble-sdk/SDKs/4.33.1/toolchain/arm-none-eabi/bin/../lib/gcc/arm-none-eabi/14.2.1/../../../../arm-none-eabi/lib/thumb/v7-m/nofp/libc.a(libc_a-fclose.o)
 .comment       0x00000039       0x3a /home/webstas/.local/share/pebble-sdk/SDKs/4.33.1/toolchain/arm-none-eabi/bin/../lib/gcc/arm-none-eabi/14.2.1/../../../../arm-none-eabi/lib/thumb/v7-m/nofp/libc.a(libc_a-fflush.o)
 .comment       0x00000039       0x3a /home/webstas/.local/share/pebble-sdk/SDKs/4.33.1/toolchain/arm-none-eabi/bin/../lib/gcc/arm-none-eabi/14.2.1/../../../../arm-none-eabi/lib/thumb/v7-m/nofp/libc.a(libc_a-memcmp.o)
 .comment       0x00000039       0x3a /home/webstas/.local/share/pebble-sdk/SDKs/4.33.1/toolchain/arm-none-eabi/bin/../lib/gcc/arm-none-eabi/14.2.1/../../../../arm-none-eabi/lib/thumb/v7-m/nofp/libc.a(libc_a-strchr.o)
 .comment       0x00000039       0x3a /home/webstas/.local/share/pebble-sdk/SDKs/4.33.1/toolchain/arm-none-eabi/bin/../lib/gcc/arm-none-eabi/14.2.1/../../../../arm-none-eabi/lib/thumb/v7-m/nofp/libc.a(libc_a-strnlen.o)
 .comment       0x00000039       0x3a /home/webstas/.local/share/pebble-sdk/SDKs/4.33.1/toolchain/arm-none-eabi/bin/../lib/gcc/arm-none-eabi/14.2.1/../../../../arm-none-eabi/lib/thumb/v7-m/nofp/libc.a(libc_a-sbrkr.o)
 .comment       0x00000039       0x3a /home/webstas/.local/share/pebble-sdk/SDKs/4.33.1/toolchain/arm-none-eabi/bin/../lib/gcc/arm-none-eabi/14.2.1/../../../../arm-none-eabi/lib/thumb/v7-m/nofp/libc.a(libc_a-sysconf.o)
 .comment       0x00000039       0x3a /home/webstas/.local/share/pebble-sdk/SDKs/4.33.1/toolchain/arm-none-eabi/bin/../lib/gcc/arm-none-eabi/14.2.1/../../../../arm-none-eabi/lib/thumb/v7-m/nofp/libc.a(libc_a-errno.o)
 .comment       0x00000039       0x3a /home/webstas/.local/share/pebble-sdk/SDKs/4.33.1/toolchain/arm-none-eabi/bin/../lib/gcc/arm-none-eabi/14.2.1/thumb/v7-m/nofp/crtend.o

.debug_info     0x00000000     0x3ed5
 .debug_info    0x00000000     0x39b5 src/c/main.c.41.o
 .debug_info    0x000039b5      0x33e aplite/appinfo.auto.c.41.o
 .debug_info    0x00003cf3       0x65 aplite/src/resource_ids.auto.c.41.o
 .debug_info    0x00003d58      0x17d src/message_keys.auto.c.41.o

.debug_abbrev   0x00000000      0x6da
 .debug_abbrev  0x00000000      0x5b1 src/c/main.c.41.o
 .debug_abbrev  0x000005b1       0xb9 aplite/appinfo.auto.c.41.o
 .debug_abbrev  0x0000066a       0x26 aplite/src/resource_ids.auto.c.41.o
 .debug_abbrev  0x00000690       0x4a src/message_keys.auto.c.41.o

.debug_loclists
                0x00000000     0x10fc
 .debug_loclists
                0x00000000     0x10fc src/c/main.c.41.o

.debug_aranges  0x00000000       0xf8
 .debug_aranges
                0x00000000       0xb0 src/c/main.c.41.o
 .debug_aranges
                0x000000b0       0x18 aplite/appinfo.auto.c.41.o
 .debug_aranges
                0x000000c8       0x18 aplite/src/resource_ids.auto.c.41.o
 .debug_aranges
                0x000000e0       0x18 src/message_keys.auto.c.41.o

.debug_rnglists
                0x00000000      0x22a
 .debug_rnglists
                0x00000000      0x22a src/c/main.c.41.o

.debug_line     0x00000000     0x2217
 .debug_line    0x00000000     0x1f27 src/c/main.c.41.o
 .debug_line    0x00001f27      0x18c aplite/appinfo.auto.c.41.o
 .debug_line    0x000020b3       0x3f aplite/src/resource_ids.auto.c.41.o
 .debug_line    0x000020f2      0x125 src/message_keys.auto.c.41.o

.debug_str      0x00000000     0x1893
 .debug_str     0x00000000     0x1893 src/c/main.c.41.o
                               0x1607 (size before relaxing)
 .debug_str     0x00001893      0x4e3 aplite/appinfo.auto.c.41.o
 .debug_str     0x00001893      0x177 aplite/src/resource_ids.auto.c.41.o
 .debug_str     0x00001893      0x351 src/message_keys.auto.c.41.o

.debug_frame    0x00000000      0x300
 .debug_frame   0x00000000      0x300 src/c/main.c.41.o
